Archive member included because of file (symbol)

c:/freescale/kds_2.0.0/toolchain/bin/../lib/gcc/arm-none-eabi/4.8.0/../../../../arm-none-eabi/lib/m4/fp/v4-sp-d16\libg_s.a(lib_a-atexit.o)
                              c:/freescale/kds_2.0.0/toolchain/bin/../lib/gcc/arm-none-eabi/4.8.0/../../../../arm-none-eabi/lib/m4/fp/v4-sp-d16/crt0.o (atexit)
c:/freescale/kds_2.0.0/toolchain/bin/../lib/gcc/arm-none-eabi/4.8.0/../../../../arm-none-eabi/lib/m4/fp/v4-sp-d16\libg_s.a(lib_a-exit.o)
                              c:/freescale/kds_2.0.0/toolchain/bin/../lib/gcc/arm-none-eabi/4.8.0/../../../../arm-none-eabi/lib/m4/fp/v4-sp-d16/crt0.o (exit)
c:/freescale/kds_2.0.0/toolchain/bin/../lib/gcc/arm-none-eabi/4.8.0/../../../../arm-none-eabi/lib/m4/fp/v4-sp-d16\libg_s.a(lib_a-fini.o)
                              c:/freescale/kds_2.0.0/toolchain/bin/../lib/gcc/arm-none-eabi/4.8.0/../../../../arm-none-eabi/lib/m4/fp/v4-sp-d16\libg_s.a(lib_a-exit.o) (__libc_fini_array)
c:/freescale/kds_2.0.0/toolchain/bin/../lib/gcc/arm-none-eabi/4.8.0/../../../../arm-none-eabi/lib/m4/fp/v4-sp-d16\libg_s.a(lib_a-impure.o)
                              c:/freescale/kds_2.0.0/toolchain/bin/../lib/gcc/arm-none-eabi/4.8.0/../../../../arm-none-eabi/lib/m4/fp/v4-sp-d16\libg_s.a(lib_a-exit.o) (_global_impure_ptr)
c:/freescale/kds_2.0.0/toolchain/bin/../lib/gcc/arm-none-eabi/4.8.0/../../../../arm-none-eabi/lib/m4/fp/v4-sp-d16\libg_s.a(lib_a-memset.o)
                              c:/freescale/kds_2.0.0/toolchain/bin/../lib/gcc/arm-none-eabi/4.8.0/../../../../arm-none-eabi/lib/m4/fp/v4-sp-d16/crt0.o (memset)
c:/freescale/kds_2.0.0/toolchain/bin/../lib/gcc/arm-none-eabi/4.8.0/../../../../arm-none-eabi/lib/m4/fp/v4-sp-d16\libg_s.a(lib_a-strchr.o)
                              ./Generated_Code/UTIL1.o (strchr)
c:/freescale/kds_2.0.0/toolchain/bin/../lib/gcc/arm-none-eabi/4.8.0/../../../../arm-none-eabi/lib/m4/fp/v4-sp-d16\libg_s.a(lib_a-strcmp.o)
                              ./Sources/Utilities.o (strcmp)
c:/freescale/kds_2.0.0/toolchain/bin/../lib/gcc/arm-none-eabi/4.8.0/../../../../arm-none-eabi/lib/m4/fp/v4-sp-d16\libg_s.a(lib_a-strlen.o)
                              ./Sources/Utilities.o (strlen)
c:/freescale/kds_2.0.0/toolchain/bin/../lib/gcc/arm-none-eabi/4.8.0/../../../../arm-none-eabi/lib/m4/fp/v4-sp-d16\libg_s.a(lib_a-strncmp.o)
                              ./Generated_Code/UTIL1.o (strncmp)
c:/freescale/kds_2.0.0/toolchain/bin/../lib/gcc/arm-none-eabi/4.8.0/../../../../arm-none-eabi/lib/m4/fp/v4-sp-d16\libg_s.a(lib_a-syscalls.o)
                              c:/freescale/kds_2.0.0/toolchain/bin/../lib/gcc/arm-none-eabi/4.8.0/../../../../arm-none-eabi/lib/m4/fp/v4-sp-d16\libg_s.a(lib_a-exit.o) (_exit)
c:/freescale/kds_2.0.0/toolchain/bin/../lib/gcc/arm-none-eabi/4.8.0/../../../../arm-none-eabi/lib/m4/fp/v4-sp-d16\libg_s.a(lib_a-__atexit.o)
                              c:/freescale/kds_2.0.0/toolchain/bin/../lib/gcc/arm-none-eabi/4.8.0/../../../../arm-none-eabi/lib/m4/fp/v4-sp-d16\libg_s.a(lib_a-atexit.o) (__do_register_exitproc)
c:/freescale/kds_2.0.0/toolchain/bin/../lib/gcc/arm-none-eabi/4.8.0/../../../../arm-none-eabi/lib/m4/fp/v4-sp-d16\libg_s.a(lib_a-__call_atexit.o)
                              c:/freescale/kds_2.0.0/toolchain/bin/../lib/gcc/arm-none-eabi/4.8.0/../../../../arm-none-eabi/lib/m4/fp/v4-sp-d16\libg_s.a(lib_a-__atexit.o) (__call_exitprocs)
c:/freescale/kds_2.0.0/toolchain/bin/../lib/gcc/arm-none-eabi/4.8.0/../../../../arm-none-eabi/lib/m4/fp/v4-sp-d16\libg_s.a(lib_a-errno.o)
                              c:/freescale/kds_2.0.0/toolchain/bin/../lib/gcc/arm-none-eabi/4.8.0/../../../../arm-none-eabi/lib/m4/fp/v4-sp-d16\libg_s.a(lib_a-syscalls.o) (__errno)
c:/freescale/kds_2.0.0/toolchain/bin/../lib/gcc/arm-none-eabi/4.8.0/../../../../arm-none-eabi/lib/m4/fp/v4-sp-d16\libg_s.a(lib_a-malloc.o)
                              c:/freescale/kds_2.0.0/toolchain/bin/../lib/gcc/arm-none-eabi/4.8.0/../../../../arm-none-eabi/lib/m4/fp/v4-sp-d16\libg_s.a(lib_a-__atexit.o) (malloc)
c:/freescale/kds_2.0.0/toolchain/bin/../lib/gcc/arm-none-eabi/4.8.0/../../../../arm-none-eabi/lib/m4/fp/v4-sp-d16\libg_s.a(lib_a-mallocr.o)
                              c:/freescale/kds_2.0.0/toolchain/bin/../lib/gcc/arm-none-eabi/4.8.0/../../../../arm-none-eabi/lib/m4/fp/v4-sp-d16\libg_s.a(lib_a-malloc.o) (_malloc_r)
c:/freescale/kds_2.0.0/toolchain/bin/../lib/gcc/arm-none-eabi/4.8.0/../../../../arm-none-eabi/lib/m4/fp/v4-sp-d16\libg_s.a(lib_a-sbrkr.o)
                              c:/freescale/kds_2.0.0/toolchain/bin/../lib/gcc/arm-none-eabi/4.8.0/../../../../arm-none-eabi/lib/m4/fp/v4-sp-d16\libg_s.a(lib_a-mallocr.o) (_sbrk_r)
c:/freescale/kds_2.0.0/toolchain/bin/../lib/gcc/arm-none-eabi/4.8.0/../../../../arm-none-eabi/lib/m4/fp/v4-sp-d16\libg_s.a(lib_a-freer.o)
                              c:/freescale/kds_2.0.0/toolchain/bin/../lib/gcc/arm-none-eabi/4.8.0/../../../../arm-none-eabi/lib/m4/fp/v4-sp-d16\libg_s.a(lib_a-malloc.o) (_free_r)
[...]
Memory Configuration

Name             Origin             Length             Attributes
m_interrupts     0x00000000         0x00000198         xr
m_text           0x00000410         0x000ffbf0         xr
m_data_1FFF0000  0x1fff0000         0x00010000         rw
m_data           0x20000000         0x00030000         rw
m_cfmprotrom     0x00000400         0x00000010         xr
*default*        0x00000000         0xffffffff

Linker script and memory map

LOAD c:/freescale/kds_2.0.0/toolchain/bin/../lib/gcc/arm-none-eabi/4.8.0/m4/fp/v4-sp-d16/crti.o
LOAD c:/freescale/kds_2.0.0/toolchain/bin/../lib/gcc/arm-none-eabi/4.8.0/m4/fp/v4-sp-d16/crtbegin.o
LOAD c:/freescale/kds_2.0.0/toolchain/bin/../lib/gcc/arm-none-eabi/4.8.0/../../../../arm-none-eabi/lib/m4/fp/v4-sp-d16/crt0.o
LOAD ./Static_Code/System/CPU_Init.o
LOAD ./Static_Code/System/Peripherals_Init.o
LOAD ./Static_Code/System/Vectors.o
LOAD ./Sources/Events.o
LOAD ./Sources/Utilities.o
LOAD ./Sources/main.o
LOAD ./Project_Settings/Startup_Code/startup.o
LOAD ./Generated_Code/AS1.o
LOAD ./Generated_Code/ASerialLdd1.o
LOAD ./Generated_Code/BitIoLdd1.o
LOAD ./Generated_Code/BitIoLdd2.o
LOAD ./Generated_Code/BitIoLdd3.o
LOAD ./Generated_Code/C11.o
LOAD ./Generated_Code/C21.o
LOAD ./Generated_Code/CS1.o
LOAD ./Generated_Code/Cpu.o
LOAD ./Generated_Code/DIR1.o
LOAD ./Generated_Code/MAX1.o
LOAD ./Generated_Code/PE_LDD.o
LOAD ./Generated_Code/PIDI1.o
LOAD ./Generated_Code/PWM1.o
LOAD ./Generated_Code/PwmLdd1.o
LOAD ./Generated_Code/Q4C1.o
LOAD ./Generated_Code/TI1.o
LOAD ./Generated_Code/TU1.o
LOAD ./Generated_Code/TU2.o
LOAD ./Generated_Code/Tacho1.o
LOAD ./Generated_Code/TimerIntLdd1.o
LOAD ./Generated_Code/UTIL1.o
LOAD ./Generated_Code/WAIT1.o
LOAD c:/freescale/kds_2.0.0/toolchain/bin/../lib/gcc/arm-none-eabi/4.8.0/../../../../arm-none-eabi/lib/m4/fp/v4-sp-d16\libstdc++.a
LOAD c:/freescale/kds_2.0.0/toolchain/bin/../lib/gcc/arm-none-eabi/4.8.0/../../../../arm-none-eabi/lib/m4/fp/v4-sp-d16\libm.a
START GROUP
LOAD c:/freescale/kds_2.0.0/toolchain/bin/../lib/gcc/arm-none-eabi/4.8.0/m4/fp/v4-sp-d16\libgcc.a
LOAD c:/freescale/kds_2.0.0/toolchain/bin/../lib/gcc/arm-none-eabi/4.8.0/../../../../arm-none-eabi/lib/m4/fp/v4-sp-d16\libg_s.a
LOAD c:/freescale/kds_2.0.0/toolchain/bin/../lib/gcc/arm-none-eabi/4.8.0/../../../../arm-none-eabi/lib/m4/fp/v4-sp-d16\libc_s.a
END GROUP
LOAD c:/freescale/kds_2.0.0/toolchain/bin/../lib/gcc/arm-none-eabi/4.8.0/m4/fp/v4-sp-d16/crtend.o
LOAD c:/freescale/kds_2.0.0/toolchain/bin/../lib/gcc/arm-none-eabi/4.8.0/m4/fp/v4-sp-d16/crtn.o
                0x20030000                _estack = 0x20030000
                0x20030000                __SP_INIT = _estack
                0x00000000                __heap_size = 0x0
                0x00000400                __stack_size = 0x400

.interrupts     0x00000000      0x198
                0x00000000                __vector_table = .
                0x00000000                . = ALIGN (0x4)
 *(.vectortable)
 .vectortable   0x00000000      0x198 ./Static_Code/System/Vectors.o
                0x00000000                __vect_table
                0x00000198                . = ALIGN (0x4)

.cfmprotect     0x00000400       0x10
                0x00000400                . = ALIGN (0x4)
 *(.cfmconfig)
 .cfmconfig     0x00000400       0x10 ./Static_Code/System/CPU_Init.o
                0x00000400                _cfm
                0x00000410                . = ALIGN (0x4)

.text           0x00000410     0x334c
                0x00000410                . = ALIGN (0x4)
 *(.text)
 *(.text*)
 .text.deregister_tm_clones
                0x00000410       0x20 c:/freescale/kds_2.0.0/toolchain/bin/../lib/gcc/arm-none-eabi/4.8.0/m4/fp/v4-sp-d16/crtbegin.o
 .text.register_tm_clones
                0x00000430       0x28 c:/freescale/kds_2.0.0/toolchain/bin/../lib/gcc/arm-none-eabi/4.8.0/m4/fp/v4-sp-d16/crtbegin.o
 .text.__do_global_dtors_aux
                0x00000458       0x2c c:/freescale/kds_2.0.0/toolchain/bin/../lib/gcc/arm-none-eabi/4.8.0/m4/fp/v4-sp-d16/crtbegin.o
 .text.frame_dummy
                0x00000484       0x38 c:/freescale/kds_2.0.0/toolchain/bin/../lib/gcc/arm-none-eabi/4.8.0/m4/fp/v4-sp-d16/crtbegin.o
 .text.CPU_SetBASEPRI
                0x000004bc       0x18 ./Static_Code/System/CPU_Init.o
                0x000004bc                CPU_SetBASEPRI
 .text.__init_hardware
                0x000004d4       0xb8 ./Static_Code/System/CPU_Init.o
                0x000004d4                __init_hardware
 .text.PE_low_level_init
                0x0000058c       0x60 ./Static_Code/System/CPU_Init.o
                0x0000058c                PE_low_level_init
 .text.CPU_GetClockGenMode
                0x000005ec       0xb0 ./Static_Code/System/CPU_Init.o
                0x000005ec                CPU_GetClockGenMode
 .text.CPU_SetClockConfigGenMode
                0x0000069c      0x7b4 ./Static_Code/System/CPU_Init.o
                0x0000069c                CPU_SetClockConfigGenMode
 .text.UnhandledInterrupt
                0x00000e50       0x18 ./Static_Code/System/Vectors.o
                0x00000e50                UnhandledInterrupt
 .text.Cpu_OnNMI
                0x00000e68        0xc ./Sources/Events.o
                0x00000e68                Cpu_OnNMI
 .text.AS1_OnRxChar
                0x00000e74       0x24 ./Sources/Events.o
                0x00000e74                AS1_OnRxChar
 .text.Q4C1_OnError
                0x00000e98       0x24 ./Sources/Events.o
                0x00000e98                Q4C1_OnError
 .text.TI1_OnInterrupt
                0x00000ebc       0x58 ./Sources/Events.o
                0x00000ebc                TI1_OnInterrupt
 .text.PWM1_OnEnd
                0x00000f14        0xc ./Sources/Events.o
                0x00000f14                PWM1_OnEnd
 .text.SendChar
                0x00000f20       0x2c ./Sources/Utilities.o
                0x00000f20                SendChar
 .text.ScanOnRx
                0x00000f4c       0x2c ./Sources/Utilities.o
                0x00000f4c                ScanOnRx
 .text.InitCMD  0x00000f78       0x2c ./Sources/Utilities.o
                0x00000f78                InitCMD
 .text.CMDInc   0x00000fa4       0x3c ./Sources/Utilities.o
                0x00000fa4                CMDInc
 .text.CMDDec   0x00000fe0       0x3c ./Sources/Utilities.o
                0x00000fe0                CMDDec
 .text.PrintCom
                0x0000101c       0x38 ./Sources/Utilities.o
                0x0000101c                PrintCom
 .text.WaitOnTx
                0x00001054       0x1c ./Sources/Utilities.o
                0x00001054                WaitOnTx
 .text.EndLine  0x00001070       0x24 ./Sources/Utilities.o
                0x00001070                EndLine
 .text.BackSpace
                0x00001094       0x3c ./Sources/Utilities.o
                0x00001094                BackSpace
 .text.Enter    0x000010d0       0x2c ./Sources/Utilities.o
                0x000010d0                Enter
 .text.Echo     0x000010fc       0x8c ./Sources/Utilities.o
                0x000010fc                Echo
 .text.shellcmd
                0x00001188       0xc4 ./Sources/Utilities.o
                0x00001188                shellcmd
 .text.findcmd  0x0000124c       0x70 ./Sources/Utilities.o
                0x0000124c                findcmd
 .text.runcmd   0x000012bc       0x60 ./Sources/Utilities.o
                0x000012bc                runcmd
 .text.cmdhelp  0x0000131c       0x50 ./Sources/Utilities.o
                0x0000131c                cmdhelp
 .text.cmdversion
                0x0000136c       0x3c ./Sources/Utilities.o
                0x0000136c                cmdversion
 .text.cmdstatus
                0x000013a8       0x78 ./Sources/Utilities.o
                0x000013a8                cmdstatus
 .text.nocmd    0x00001420       0x28 ./Sources/Utilities.o
                0x00001420                nocmd
 .text.cmdmove  0x00001448       0xa4 ./Sources/Utilities.o
                0x00001448                cmdmove
 .text.movedeg  0x000014ec      0x110 ./Sources/Utilities.o
                0x000014ec                movedeg
 .text.main     0x000015fc       0x2c ./Sources/main.o
                0x000015fc                main
 .text.__flush_cache
                0x00001628       0x14 ./Project_Settings/Startup_Code/startup.o
                0x00001628                __flush_cache
 .text.__copy_rom_section
                0x0000163c       0xe4 ./Project_Settings/Startup_Code/startup.o
                0x0000163c                __copy_rom_section
 .text.__copy_rom_sections_to_ram
                0x00001720       0xf8 ./Project_Settings/Startup_Code/startup.o
                0x00001720                __copy_rom_sections_to_ram
 .text.zero_fill_bss
                0x00001818       0xbc ./Project_Settings/Startup_Code/startup.o
 .text.__init_registers
                0x000018d4       0x20 ./Project_Settings/Startup_Code/startup.o
                0x000018d4                __init_registers
 .text.__init_user
                0x000018f4        0xc ./Project_Settings/Startup_Code/startup.o
                0x000018f4                __init_user
 .text.__thumb_startup
                0x00001900       0x50 ./Project_Settings/Startup_Code/startup.o
                0x00001900                __thumb_startup
 .text.HWEnDi   0x00001950       0x20 ./Generated_Code/AS1.o
 .text.AS1_EnableEvent
                0x00001970       0x1c ./Generated_Code/AS1.o
                0x00001970                AS1_EnableEvent
 .text.AS1_DisableEvent
                0x0000198c       0x1c ./Generated_Code/AS1.o
                0x0000198c                AS1_DisableEvent
 .text.AS1_RecvChar
                0x000019a8      0x12c ./Generated_Code/AS1.o
                0x000019a8                AS1_RecvChar
 .text.AS1_SendBlock
                0x00001ad4      0x16c ./Generated_Code/AS1.o
                0x00001ad4                AS1_SendBlock
 .text.AS1_GetCharsInTxBuf
                0x00001c40       0x18 ./Generated_Code/AS1.o
                0x00001c40                AS1_GetCharsInTxBuf
 .text.AS1_Init
                0x00001c58       0x7c ./Generated_Code/AS1.o
                0x00001c58                AS1_Init
 .text.ASerialLdd1_OnBlockReceived
                0x00001cd4       0xd8 ./Generated_Code/AS1.o
                0x00001cd4                ASerialLdd1_OnBlockReceived
 .text.ASerialLdd1_OnBlockSent
                0x00001dac       0xc8 ./Generated_Code/AS1.o
                0x00001dac                ASerialLdd1_OnBlockSent
 .text.ASerialLdd1_OnError
                0x00001e74       0xc4 ./Generated_Code/AS1.o
                0x00001e74                ASerialLdd1_OnError
 .text.ASerialLdd1_OnBreak
                0x00001f38       0x2c ./Generated_Code/AS1.o
                0x00001f38                ASerialLdd1_OnBreak
 .text.ASerialLdd1_Init
                0x00001f64      0x2c0 ./Generated_Code/ASerialLdd1.o
                0x00001f64                ASerialLdd1_Init
 .text.ASerialLdd1_ReceiveBlock
                0x00002224       0xb0 ./Generated_Code/ASerialLdd1.o
                0x00002224                ASerialLdd1_ReceiveBlock
 .text.ASerialLdd1_SendBlock
                0x000022d4       0xf0 ./Generated_Code/ASerialLdd1.o
                0x000022d4                ASerialLdd1_SendBlock
 .text.InterruptRx
                0x000023c4       0x5c ./Generated_Code/ASerialLdd1.o
 .text.InterruptTx
                0x00002420       0x9c ./Generated_Code/ASerialLdd1.o
 .text.ASerialLdd1_Interrupt
                0x000024bc      0x100 ./Generated_Code/ASerialLdd1.o
                0x000024bc                ASerialLdd1_Interrupt
 .text.ASerialLdd1_GetError
                0x000025bc       0x90 ./Generated_Code/ASerialLdd1.o
                0x000025bc                ASerialLdd1_GetError
 .text.BitIoLdd1_Init
                0x0000264c       0xa8 ./Generated_Code/BitIoLdd1.o
                0x0000264c                BitIoLdd1_Init
 .text.BitIoLdd1_ClrVal
                0x000026f4       0x20 ./Generated_Code/BitIoLdd1.o
                0x000026f4                BitIoLdd1_ClrVal
 .text.BitIoLdd1_SetVal
                0x00002714       0x20 ./Generated_Code/BitIoLdd1.o
                0x00002714                BitIoLdd1_SetVal
 .text.BitIoLdd2_Init
                0x00002734       0x90 ./Generated_Code/BitIoLdd2.o
                0x00002734                BitIoLdd2_Init
 .text.BitIoLdd2_GetVal
                0x000027c4       0x30 ./Generated_Code/BitIoLdd2.o
                0x000027c4                BitIoLdd2_GetVal
 .text.BitIoLdd3_Init
                0x000027f4       0x90 ./Generated_Code/BitIoLdd3.o
                0x000027f4                BitIoLdd3_Init
 .text.BitIoLdd3_GetVal
                0x00002884       0x30 ./Generated_Code/BitIoLdd3.o
                0x00002884                BitIoLdd3_GetVal
 .text.Components_Init
                0x000028b4       0x2c ./Generated_Code/Cpu.o
                0x000028b4                Components_Init
 .text.Cpu_INT_NMIInterrupt
                0x000028e0       0x1c ./Generated_Code/Cpu.o
                0x000028e0                Cpu_INT_NMIInterrupt
 .text.MAX1_SetDirection
                0x000028fc       0x38 ./Generated_Code/MAX1.o
                0x000028fc                MAX1_SetDirection
 .text.MAX1_SetVal
                0x00002934       0x30 ./Generated_Code/MAX1.o
                0x00002934                MAX1_SetVal
 .text.PIDI1_Disable
                0x00002964       0x18 ./Generated_Code/PIDI1.o
                0x00002964                PIDI1_Disable
 .text.PwmLdd1_OnEnd
                0x0000297c       0x14 ./Generated_Code/PWM1.o
                0x0000297c                PwmLdd1_OnEnd
 .text.PwmLdd1_Init
                0x00002990       0x60 ./Generated_Code/PwmLdd1.o
                0x00002990                PwmLdd1_Init
 .text.PwmLdd1_SetRatio16
                0x000029f0       0x28 ./Generated_Code/PwmLdd1.o
                0x000029f0                PwmLdd1_SetRatio16
 .text.TU1_OnCounterRestart
                0x00002a18       0x24 ./Generated_Code/PwmLdd1.o
                0x00002a18                TU1_OnCounterRestart
 .text.SetRatio
                0x00002a3c       0x54 ./Generated_Code/PwmLdd1.o
 .text.Q4C1_GetPos
                0x00002a90       0x18 ./Generated_Code/Q4C1.o
                0x00002a90                Q4C1_GetPos
 .text.Q4C1_Sample
                0x00002aa8       0xb0 ./Generated_Code/Q4C1.o
                0x00002aa8                Q4C1_Sample
 .text.Q4C1_Init
                0x00002b58       0x60 ./Generated_Code/Q4C1.o
                0x00002b58                Q4C1_Init
 .text.TimerIntLdd1_OnInterrupt
                0x00002bb8       0x14 ./Generated_Code/TI1.o
                0x00002bb8                TimerIntLdd1_OnInterrupt
 .text.TU1_Init
                0x00002bcc      0x1d0 ./Generated_Code/TU1.o
                0x00002bcc                TU1_Init
 .text.TU1_GetPeriodTicks
                0x00002d9c       0x30 ./Generated_Code/TU1.o
                0x00002d9c                TU1_GetPeriodTicks
 .text.TU1_SetOffsetTicks
                0x00002dcc       0x48 ./Generated_Code/TU1.o
                0x00002dcc                TU1_SetOffsetTicks
 .text.TU1_Interrupt
                0x00002e14       0x7c ./Generated_Code/TU1.o
                0x00002e14                TU1_Interrupt
 .text.TU2_Init
                0x00002e90      0x128 ./Generated_Code/TU2.o
                0x00002e90                TU2_Init
 .text.TU2_Interrupt
                0x00002fb8       0x7c ./Generated_Code/TU2.o
                0x00002fb8                TU2_Interrupt
 .text.TimerIntLdd1_Init
                0x00003034       0x58 ./Generated_Code/TimerIntLdd1.o
                0x00003034                TimerIntLdd1_Init
 .text.TU2_OnCounterRestart
                0x0000308c       0x24 ./Generated_Code/TimerIntLdd1.o
                0x0000308c                TU2_OnCounterRestart
 .text.UTIL1_strcpy
                0x000030b0       0x48 ./Generated_Code/UTIL1.o
                0x000030b0                UTIL1_strcpy
 .text.UTIL1_Num16uToStr
                0x000030f8       0xf0 ./Generated_Code/UTIL1.o
                0x000030f8                UTIL1_Num16uToStr
 .text.UTIL1_Num16sToStr
                0x000031e8      0x14c ./Generated_Code/UTIL1.o
                0x000031e8                UTIL1_Num16sToStr
 .text.UTIL1_ScanDecimal16uNumber
                0x00003334       0x94 ./Generated_Code/UTIL1.o
                0x00003334                UTIL1_ScanDecimal16uNumber
 .text.strcmp   0x000033c8       0x16 c:/freescale/kds_2.0.0/toolchain/bin/../lib/gcc/arm-none-eabi/4.8.0/../../../../arm-none-eabi/lib/m4/fp/v4-sp-d16\libg_s.a(lib_a-strcmp.o)
                0x000033c8                strcmp
 .text.strlen   0x000033de       0x10 c:/freescale/kds_2.0.0/toolchain/bin/../lib/gcc/arm-none-eabi/4.8.0/../../../../arm-none-eabi/lib/m4/fp/v4-sp-d16\libg_s.a(lib_a-strlen.o)
                0x000033de                strlen
 *(.rodata)
 *fill*         0x000033ee        0x2 
 .rodata        0x000033f0      0x228 ./Sources/Utilities.o
 .rodata        0x00003618        0x8 ./Sources/main.o
 .rodata        0x00003620       0x18 ./Generated_Code/UTIL1.o
 *(.rodata*)
 .rodata.ClockGenModeMatrix
                0x00003638       0x80 ./Static_Code/System/CPU_Init.o
 .rodata.CPU_ClockConfigDescriptors
                0x000036b8       0x1c ./Static_Code/System/CPU_Init.o
 .rodata.CPU_DefaultFEI
                0x000036d4        0x8 ./Static_Code/System/CPU_Init.o
 .rodata.CPU_DefaultFBI
                0x000036dc        0x8 ./Static_Code/System/CPU_Init.o
 .rodata.CPU_DefaultBLPI
                0x000036e4        0x8 ./Static_Code/System/CPU_Init.o
 .rodata.CPU_DefaultFEE
                0x000036ec        0x8 ./Static_Code/System/CPU_Init.o
 .rodata.CPU_DefaultFBE
                0x000036f4        0x8 ./Static_Code/System/CPU_Init.o
 .rodata.CPU_DefaultBLPE
                0x000036fc        0x8 ./Static_Code/System/CPU_Init.o
 .rodata.CPU_DefaultPBE
                0x00003704        0x8 ./Static_Code/System/CPU_Init.o
 .rodata.CPU_DefaultPEE
                0x0000370c        0x8 ./Static_Code/System/CPU_Init.o
 .rodata.CPU_ClockGenModeRegs
                0x00003714       0x20 ./Static_Code/System/CPU_Init.o
 .rodata.Q4C1_Quad_Table
                0x00003734       0x10 ./Generated_Code/Q4C1.o
 *(.glue_7)
 .glue_7        0x00000000        0x0 linker stubs
 *(.glue_7t)
 .glue_7t       0x00000000        0x0 linker stubs
 *(.eh_frame)
 .eh_frame      0x00003744        0x0 c:/freescale/kds_2.0.0/toolchain/bin/../lib/gcc/arm-none-eabi/4.8.0/m4/fp/v4-sp-d16/crtbegin.o
 *(.init)
 .init          0x00003744        0x4 c:/freescale/kds_2.0.0/toolchain/bin/../lib/gcc/arm-none-eabi/4.8.0/m4/fp/v4-sp-d16/crti.o
                0x00003744                _init
 .init          0x00003748        0x8 c:/freescale/kds_2.0.0/toolchain/bin/../lib/gcc/arm-none-eabi/4.8.0/m4/fp/v4-sp-d16/crtn.o
 *(.fini)
 .fini          0x00003750        0x4 c:/freescale/kds_2.0.0/toolchain/bin/../lib/gcc/arm-none-eabi/4.8.0/m4/fp/v4-sp-d16/crti.o
                0x00003750                _fini
 .fini          0x00003754        0x8 c:/freescale/kds_2.0.0/toolchain/bin/../lib/gcc/arm-none-eabi/4.8.0/m4/fp/v4-sp-d16/crtn.o
                0x0000375c                . = ALIGN (0x4)
                0x0000375c                _etext = .

.vfp11_veneer   0x0000375c        0x0
 .vfp11_veneer  0x00000000        0x0 linker stubs

.v4_bx          0x0000375c        0x0
 .v4_bx         0x00000000        0x0 linker stubs

.iplt           0x0000375c        0x0
 .iplt          0x00000000        0x0 c:/freescale/kds_2.0.0/toolchain/bin/../lib/gcc/arm-none-eabi/4.8.0/m4/fp/v4-sp-d16/crtbegin.o

.rel.dyn        0x0000375c        0x0
 .rel.iplt      0x00000000        0x0 c:/freescale/kds_2.0.0/toolchain/bin/../lib/gcc/arm-none-eabi/4.8.0/m4/fp/v4-sp-d16/crtbegin.o

.ARM.extab
 *(.ARM.extab* .gnu.linkonce.armextab.*)

.ARM            0x0000375c        0x0
                0x0000375c                __exidx_start = .
 *(.ARM.exidx*)
                0x0000375c                __exidx_end = .

.ctors          0x0000375c        0x0
                0x0000375c                __CTOR_LIST__ = .
 *crtbegin.o(.ctors)
 *(EXCLUDE_FILE(*crtend.o) .ctors)
 *(SORT(.ctors.*))
 *(.ctors)
                0x0000375c                __CTOR_END__ = .

.dtors          0x0000375c        0x0
                0x0000375c                __DTOR_LIST__ = .
 *crtbegin.o(.dtors)
 *(EXCLUDE_FILE(*crtend.o) .dtors)
 *(SORT(.dtors.*))
 *(.dtors)
                0x0000375c                __DTOR_END__ = .

.preinit_array  0x0000375c        0x0
                0x0000375c                PROVIDE (__preinit_array_start, .)
 *(.preinit_array*)
                0x0000375c                PROVIDE (__preinit_array_end, .)

.init_array     0x0000375c        0x4
                0x0000375c                PROVIDE (__init_array_start, .)
 *(SORT(.init_array.*))
 *(.init_array*)
 .init_array    0x0000375c        0x4 c:/freescale/kds_2.0.0/toolchain/bin/../lib/gcc/arm-none-eabi/4.8.0/m4/fp/v4-sp-d16/crtbegin.o
                0x00003760                PROVIDE (__init_array_end, .)

.fini_array     0x00003760        0x4
                0x00003760                PROVIDE (__fini_array_start, .)
 *(SORT(.fini_array.*))
 *(.fini_array*)
 .fini_array    0x00003760        0x4 c:/freescale/kds_2.0.0/toolchain/bin/../lib/gcc/arm-none-eabi/4.8.0/m4/fp/v4-sp-d16/crtbegin.o
                0x00003764                PROVIDE (__fini_array_end, .)
                0x00003764                ___ROM_AT = .

.data           0x20000000        0x0 load address 0x00003764
                0x20000000                . = ALIGN (0x4)
                0x20000000                _sdata = .
 *(.data)
 *(.data*)
                0x20000000                . = ALIGN (0x4)
                0x20000000                _edata = .
                0x00000000                ___data_size = (_edata - _sdata)
                0x00003764                ___m_data_1FFF0000_ROMStart = (___ROM_AT + SIZEOF (.data))

.jcr            0x20000000        0x0
 .jcr           0x20000000        0x0 c:/freescale/kds_2.0.0/toolchain/bin/../lib/gcc/arm-none-eabi/4.8.0/m4/fp/v4-sp-d16/crtbegin.o

.tm_clone_table
                0x20000000        0x0
 .tm_clone_table
                0x20000000        0x0 c:/freescale/kds_2.0.0/toolchain/bin/../lib/gcc/arm-none-eabi/4.8.0/m4/fp/v4-sp-d16/crtbegin.o
 .tm_clone_table
                0x20000000        0x0 c:/freescale/kds_2.0.0/toolchain/bin/../lib/gcc/arm-none-eabi/4.8.0/m4/fp/v4-sp-d16/crtend.o

.igot.plt       0x20000000        0x0
 .igot.plt      0x00000000        0x0 c:/freescale/kds_2.0.0/toolchain/bin/../lib/gcc/arm-none-eabi/4.8.0/m4/fp/v4-sp-d16/crtbegin.o

.m_data_1FFF0000
                0x1fff0000        0x0 load address 0x00003764
                0x1fff0000                . = ALIGN (0x4)
                0x1fff0000                ___m_data_1FFF0000_RAMStart = .
 *(.m_data_1FFF0000)
                0x1fff0000                ___m_data_1FFF0000_RAMEnd = .
                0x1fff0000                . = ALIGN (0x4)
                0x00000000                ___m_data_1FFF0000_ROMSize = (___m_data_1FFF0000_RAMEnd - ___m_data_1FFF0000_RAMStart)
                0x1fff0000                . = ALIGN (0x4)

.bss            0x20000000      0x1c8
                0x20000000                __START_BSS = .
                0x20000000                PROVIDE (__bss_start__, __START_BSS)
 *(.bss)
 *(.bss*)
 .bss.completed.6137
                0x20000000        0x1 c:/freescale/kds_2.0.0/toolchain/bin/../lib/gcc/arm-none-eabi/4.8.0/m4/fp/v4-sp-d16/crtbegin.o
 *fill*         0x20000001        0x3 
 .bss.object.6142
                0x20000004       0x18 c:/freescale/kds_2.0.0/toolchain/bin/../lib/gcc/arm-none-eabi/4.8.0/m4/fp/v4-sp-d16/crtbegin.o
 .bss.SR_lock   0x2000001c        0x1 ./Static_Code/System/CPU_Init.o
                0x2000001c                SR_lock
 .bss.flags     0x2000001d        0x1 ./Sources/Utilities.o
                0x2000001d                flags
 .bss.actualpos
                0x2000001e        0x2 ./Sources/Utilities.o
                0x2000001e                actualpos
 .bss.quaderr   0x20000020        0x2 ./Sources/Utilities.o
                0x20000020                quaderr
 *fill*         0x20000022        0x2 
 .bss.argv      0x20000024       0x28 ./Project_Settings/Startup_Code/startup.o
 .bss.EnEvent   0x2000004c        0x1 ./Generated_Code/AS1.o
 *fill*         0x2000004d        0x1 
 .bss.SerFlag   0x2000004e        0x2 ./Generated_Code/AS1.o
 .bss.AS1_InpLen
                0x20000050        0x2 ./Generated_Code/AS1.o
 .bss.InpIndexR
                0x20000052        0x2 ./Generated_Code/AS1.o
 .bss.InpIndexW
                0x20000054        0x2 ./Generated_Code/AS1.o
 *fill*         0x20000056        0x2 
 .bss.InpBuffer
                0x20000058       0x20 ./Generated_Code/AS1.o
 .bss.BufferRead
                0x20000078        0x1 ./Generated_Code/AS1.o
 *fill*         0x20000079        0x1 
 .bss.AS1_OutLen
                0x2000007a        0x2 ./Generated_Code/AS1.o
 .bss.OutIndexR
                0x2000007c        0x2 ./Generated_Code/AS1.o
 .bss.OutIndexW
                0x2000007e        0x2 ./Generated_Code/AS1.o
 .bss.OutBuffer
                0x20000080       0x64 ./Generated_Code/AS1.o
 .bss.DeviceDataPrv__DEFAULT_RTOS_ALLOC
                0x200000e4       0x20 ./Generated_Code/ASerialLdd1.o
 .bss.INT_UART0_RX_TX__DEFAULT_RTOS_ISRPARAM
                0x20000104        0x4 ./Generated_Code/ASerialLdd1.o
 .bss.INT_UART0_ERR__DEFAULT_RTOS_ISRPARAM
                0x20000108        0x4 ./Generated_Code/ASerialLdd1.o
 .bss.DeviceDataPrv__DEFAULT_RTOS_ALLOC
                0x2000010c        0x4 ./Generated_Code/BitIoLdd1.o
 .bss.DeviceDataPrv__DEFAULT_RTOS_ALLOC
                0x20000110        0x4 ./Generated_Code/BitIoLdd2.o
 .bss.DeviceDataPrv__DEFAULT_RTOS_ALLOC
                0x20000114        0x4 ./Generated_Code/BitIoLdd3.o
 .bss.MAX1_ratio
                0x20000118        0x2 ./Generated_Code/MAX1.o
 *fill*         0x2000011a        0x2 
 .bss.PE_LDD_DeviceDataList
                0x2000011c       0x20 ./Generated_Code/PE_LDD.o
                0x2000011c                PE_LDD_DeviceDataList
 .bss.PIDI1_disabled
                0x2000013c        0x1 ./Generated_Code/PIDI1.o
 *fill*         0x2000013d        0x3 
 .bss.DeviceDataPrv__DEFAULT_RTOS_ALLOC
                0x20000140        0xc ./Generated_Code/PwmLdd1.o
 .bss.Q4C1_last_quadrature_value
                0x2000014c        0x1 ./Generated_Code/Q4C1.o
 *fill*         0x2000014d        0x1 
 .bss.Q4C1_currPos
                0x2000014e        0x2 ./Generated_Code/Q4C1.o
 .bss.DeviceDataPrv__DEFAULT_RTOS_ALLOC
                0x20000150        0xc ./Generated_Code/TU1.o
 .bss.INT_FTM0__DEFAULT_RTOS_ISRPARAM
                0x2000015c        0x4 ./Generated_Code/TU1.o
 .bss.DeviceDataPrv__DEFAULT_RTOS_ALLOC
                0x20000160        0xc ./Generated_Code/TU2.o
 .bss.INT_FTM1__DEFAULT_RTOS_ISRPARAM
                0x2000016c        0x4 ./Generated_Code/TU2.o
 .bss.DeviceDataPrv__DEFAULT_RTOS_ALLOC
                0x20000170        0xc ./Generated_Code/TimerIntLdd1.o
 *(COMMON)
 COMMON         0x2000017c        0x1 ./Static_Code/System/CPU_Init.o
                0x2000017c                SR_reg
 *fill*         0x2000017d        0x3 
 COMMON         0x20000180       0x44 ./Sources/Utilities.o
                0x20000180                CMD
 COMMON         0x200001c4        0x4 ./Generated_Code/AS1.o
                0x200001c4                ASerialLdd1_DeviceDataPtr
                0x200001c8                . = ALIGN (0x4)
                0x200001c8                __END_BSS = .
                0x200001c8                PROVIDE (__bss_end__, __END_BSS)
                0x00003764                _romp_at = ((___ROM_AT + SIZEOF (.data)) + SIZEOF (.m_data_1FFF0000))

.romp           0x200001c8       0x24 load address 0x00003764
                0x00003764                __S_romp = _romp_at
                0x200001c8        0x4 LONG 0x3764 ___ROM_AT
                0x200001cc        0x4 LONG 0x20000000 _sdata
                0x200001d0        0x4 LONG 0x0 ___data_size
                0x200001d4        0x4 LONG 0x3764 ___m_data_1FFF0000_ROMStart
                0x200001d8        0x4 LONG 0x1fff0000 ___m_data_1FFF0000_RAMStart
                0x200001dc        0x4 LONG 0x0 ___m_data_1FFF0000_ROMSize
                0x200001e0        0x4 LONG 0x0
                0x200001e4        0x4 LONG 0x0
                0x200001e8        0x4 LONG 0x0

._user_heap_stack
                0x200001ec      0x400 load address 0x00003788
                0x200001ec                . = ALIGN (0x4)
                0x200001ec                PROVIDE (end, .)
                0x200001ec                PROVIDE (_end, .)
                0x200001ec                __heap_addr = .
                0x200001ec                __HeapBase = .
                0x200001ec                . = (. + __heap_size)
                0x200001ec                __HeapLimit = .
                0x200005ec                . = (. + __stack_size)
 *fill*         0x200001ec      0x400 
                0x200005ec                . = ALIGN (0x4)

.ARM.attributes
                0x00000000       0x37
 *(.ARM.attributes)
 .ARM.attributes
                0x00000000       0x27 c:/freescale/kds_2.0.0/toolchain/bin/../lib/gcc/arm-none-eabi/4.8.0/m4/fp/v4-sp-d16/crti.o
 .ARM.attributes
                0x00000027       0x39 c:/freescale/kds_2.0.0/toolchain/bin/../lib/gcc/arm-none-eabi/4.8.0/m4/fp/v4-sp-d16/crtbegin.o
 .ARM.attributes
                0x00000060       0x39 ./Static_Code/System/CPU_Init.o
 .ARM.attributes
                0x00000099       0x39 ./Static_Code/System/Vectors.o
 .ARM.attributes
                0x000000d2       0x39 ./Sources/Events.o
 .ARM.attributes
                0x0000010b       0x39 ./Sources/Utilities.o
 .ARM.attributes
                0x00000144       0x39 ./Sources/main.o
 .ARM.attributes
                0x0000017d       0x39 ./Project_Settings/Startup_Code/startup.o
 .ARM.attributes
                0x000001b6       0x39 ./Generated_Code/AS1.o
 .ARM.attributes
                0x000001ef       0x39 ./Generated_Code/ASerialLdd1.o
 .ARM.attributes
                0x00000228       0x39 ./Generated_Code/BitIoLdd1.o
 .ARM.attributes
                0x00000261       0x39 ./Generated_Code/BitIoLdd2.o
 .ARM.attributes
                0x0000029a       0x39 ./Generated_Code/BitIoLdd3.o
 .ARM.attributes
                0x000002d3       0x39 ./Generated_Code/Cpu.o
 .ARM.attributes
                0x0000030c       0x39 ./Generated_Code/MAX1.o
 .ARM.attributes
                0x00000345       0x39 ./Generated_Code/PE_LDD.o
 .ARM.attributes
                0x0000037e       0x39 ./Generated_Code/PIDI1.o
 .ARM.attributes
                0x000003b7       0x39 ./Generated_Code/PWM1.o
 .ARM.attributes
                0x000003f0       0x39 ./Generated_Code/PwmLdd1.o
 .ARM.attributes
                0x00000429       0x39 ./Generated_Code/Q4C1.o
 .ARM.attributes
                0x00000462       0x39 ./Generated_Code/TI1.o
 .ARM.attributes
                0x0000049b       0x39 ./Generated_Code/TU1.o
 .ARM.attributes
                0x000004d4       0x39 ./Generated_Code/TU2.o
 .ARM.attributes
                0x0000050d       0x39 ./Generated_Code/TimerIntLdd1.o
 .ARM.attributes
                0x00000546       0x39 ./Generated_Code/UTIL1.o
 .ARM.attributes
                0x0000057f       0x39 c:/freescale/kds_2.0.0/toolchain/bin/../lib/gcc/arm-none-eabi/4.8.0/../../../../arm-none-eabi/lib/m4/fp/v4-sp-d16\libg_s.a(lib_a-strcmp.o)
 .ARM.attributes
                0x000005b8       0x39 c:/freescale/kds_2.0.0/toolchain/bin/../lib/gcc/arm-none-eabi/4.8.0/../../../../arm-none-eabi/lib/m4/fp/v4-sp-d16\libg_s.a(lib_a-strlen.o)
 .ARM.attributes
                0x000005f1       0x39 c:/freescale/kds_2.0.0/toolchain/bin/../lib/gcc/arm-none-eabi/4.8.0/m4/fp/v4-sp-d16/crtend.o
 .ARM.attributes
                0x0000062a       0x27 c:/freescale/kds_2.0.0/toolchain/bin/../lib/gcc/arm-none-eabi/4.8.0/m4/fp/v4-sp-d16/crtn.o
OUTPUT(Encoder.elf elf32-littlearm)

.comment        0x00000000       0x2a
 .comment       0x00000000       0x2a c:/freescale/kds_2.0.0/toolchain/bin/../lib/gcc/arm-none-eabi/4.8.0/m4/fp/v4-sp-d16/crtbegin.o
                                 0x2b (size before relaxing)
 .comment       0x00000000       0x2b ./Static_Code/System/CPU_Init.o
 .comment       0x00000000       0x2b ./Static_Code/System/Vectors.o
 .comment       0x00000000       0x2b ./Sources/Events.o
 .comment       0x00000000       0x2b ./Sources/Utilities.o
 .comment       0x00000000       0x2b ./Sources/main.o
 .comment       0x00000000       0x2b ./Project_Settings/Startup_Code/startup.o
 .comment       0x00000000       0x2b ./Generated_Code/AS1.o
 .comment       0x00000000       0x2b ./Generated_Code/ASerialLdd1.o
 .comment       0x00000000       0x2b ./Generated_Code/BitIoLdd1.o
 .comment       0x00000000       0x2b ./Generated_Code/BitIoLdd2.o
 .comment       0x00000000       0x2b ./Generated_Code/BitIoLdd3.o
 .comment       0x00000000       0x2b ./Generated_Code/Cpu.o
 .comment       0x00000000       0x2b ./Generated_Code/MAX1.o
 .comment       0x00000000       0x2b ./Generated_Code/PE_LDD.o
 .comment       0x00000000       0x2b ./Generated_Code/PIDI1.o
 .comment       0x00000000       0x2b ./Generated_Code/PWM1.o
 .comment       0x00000000       0x2b ./Generated_Code/PwmLdd1.o
 .comment       0x00000000       0x2b ./Generated_Code/Q4C1.o
 .comment       0x00000000       0x2b ./Generated_Code/TI1.o
 .comment       0x00000000       0x2b ./Generated_Code/TU1.o
 .comment       0x00000000       0x2b ./Generated_Code/TU2.o
 .comment       0x00000000       0x2b ./Generated_Code/TimerIntLdd1.o
 .comment       0x00000000       0x2b ./Generated_Code/UTIL1.o
 .comment       0x00000000       0x2b c:/freescale/kds_2.0.0/toolchain/bin/../lib/gcc/arm-none-eabi/4.8.0/../../../../arm-none-eabi/lib/m4/fp/v4-sp-d16\libg_s.a(lib_a-strcmp.o)
 .comment       0x00000000       0x2b c:/freescale/kds_2.0.0/toolchain/bin/../lib/gcc/arm-none-eabi/4.8.0/../../../../arm-none-eabi/lib/m4/fp/v4-sp-d16\libg_s.a(lib_a-strlen.o)
 .comment       0x00000000       0x2b c:/freescale/kds_2.0.0/toolchain/bin/../lib/gcc/arm-none-eabi/4.8.0/m4/fp/v4-sp-d16/crtend.o

.debug_info     0x00000000     0x6cf3
 .debug_info    0x00000000      0xa5b ./Static_Code/System/CPU_Init.o
 .debug_info    0x00000a5b      0x816 ./Static_Code/System/Vectors.o
 .debug_info    0x00001271      0x124 ./Sources/Events.o
 .debug_info    0x00001395      0x527 ./Sources/Utilities.o
 .debug_info    0x000018bc       0x9a ./Sources/main.o
 .debug_info    0x00001956      0x498 ./Project_Settings/Startup_Code/startup.o
 .debug_info    0x00001dee      0x511 ./Generated_Code/AS1.o
 .debug_info    0x000022ff      0x9bb ./Generated_Code/ASerialLdd1.o
 .debug_info    0x00002cba      0x4fb ./Generated_Code/BitIoLdd1.o
 .debug_info    0x000031b5      0x481 ./Generated_Code/BitIoLdd2.o
 .debug_info    0x00003636      0x481 ./Generated_Code/BitIoLdd3.o
 .debug_info    0x00003ab7       0xa7 ./Generated_Code/Cpu.o
 .debug_info    0x00003b5e      0x12c ./Generated_Code/MAX1.o
 .debug_info    0x00003c8a      0x23b ./Generated_Code/PE_LDD.o
 .debug_info    0x00003ec5      0x1f3 ./Generated_Code/PIDI1.o
 .debug_info    0x000040b8       0xb2 ./Generated_Code/PWM1.o
 .debug_info    0x0000416a      0x29c ./Generated_Code/PwmLdd1.o
 .debug_info    0x00004406      0x1a4 ./Generated_Code/Q4C1.o
 .debug_info    0x000045aa       0xb2 ./Generated_Code/TI1.o
 .debug_info    0x0000465c      0x8e8 ./Generated_Code/TU1.o
 .debug_info    0x00004f44      0x631 ./Generated_Code/TU2.o
 .debug_info    0x00005575      0x177 ./Generated_Code/TimerIntLdd1.o
 .debug_info    0x000056ec     0x1607 ./Generated_Code/UTIL1.o

.debug_abbrev   0x00000000     0x19db
 .debug_abbrev  0x00000000      0x1bd ./Static_Code/System/CPU_Init.o
 .debug_abbrev  0x000001bd       0xd6 ./Static_Code/System/Vectors.o
 .debug_abbrev  0x00000293       0x8c ./Sources/Events.o
 .debug_abbrev  0x0000031f      0x1bd ./Sources/Utilities.o
 .debug_abbrev  0x000004dc       0x47 ./Sources/main.o
 .debug_abbrev  0x00000523      0x1a1 ./Project_Settings/Startup_Code/startup.o
 .debug_abbrev  0x000006c4      0x1d4 ./Generated_Code/AS1.o
 .debug_abbrev  0x00000898      0x1db ./Generated_Code/ASerialLdd1.o
 .debug_abbrev  0x00000a73      0x15d ./Generated_Code/BitIoLdd1.o
 .debug_abbrev  0x00000bd0      0x134 ./Generated_Code/BitIoLdd2.o
 .debug_abbrev  0x00000d04      0x134 ./Generated_Code/BitIoLdd3.o
 .debug_abbrev  0x00000e38       0x45 ./Generated_Code/Cpu.o
 .debug_abbrev  0x00000e7d       0xbf ./Generated_Code/MAX1.o
 .debug_abbrev  0x00000f3c      0x10d ./Generated_Code/PE_LDD.o
 .debug_abbrev  0x00001049       0xc5 ./Generated_Code/PIDI1.o
 .debug_abbrev  0x0000110e       0x68 ./Generated_Code/PWM1.o
 .debug_abbrev  0x00001176      0x120 ./Generated_Code/PwmLdd1.o
 .debug_abbrev  0x00001296      0x128 ./Generated_Code/Q4C1.o
 .debug_abbrev  0x000013be       0x68 ./Generated_Code/TI1.o
 .debug_abbrev  0x00001426      0x1d0 ./Generated_Code/TU1.o
 .debug_abbrev  0x000015f6      0x16a ./Generated_Code/TU2.o
 .debug_abbrev  0x00001760       0xdd ./Generated_Code/TimerIntLdd1.o
 .debug_abbrev  0x0000183d      0x19e ./Generated_Code/UTIL1.o

.debug_aranges  0x00000000      0xa58
 .debug_aranges
                0x00000000       0x40 ./Static_Code/System/CPU_Init.o
 .debug_aranges
                0x00000040      0x340 ./Static_Code/System/Vectors.o
 .debug_aranges
                0x00000380       0x40 ./Sources/Events.o
 .debug_aranges
                0x000003c0       0xb8 ./Sources/Utilities.o
 .debug_aranges
                0x00000478       0x20 ./Sources/main.o
 .debug_aranges
                0x00000498       0x60 ./Project_Settings/Startup_Code/startup.o
 .debug_aranges
                0x000004f8       0x98 ./Generated_Code/AS1.o
 .debug_aranges
                0x00000590       0x50 ./Generated_Code/ASerialLdd1.o
 .debug_aranges
                0x000005e0       0x40 ./Generated_Code/BitIoLdd1.o
 .debug_aranges
                0x00000620       0x28 ./Generated_Code/BitIoLdd2.o
 .debug_aranges
                0x00000648       0x28 ./Generated_Code/BitIoLdd3.o
 .debug_aranges
                0x00000670       0x28 ./Generated_Code/Cpu.o
 .debug_aranges
                0x00000698       0x30 ./Generated_Code/MAX1.o
 .debug_aranges
                0x000006c8       0x30 ./Generated_Code/PE_LDD.o
 .debug_aranges
                0x000006f8       0x40 ./Generated_Code/PIDI1.o
 .debug_aranges
                0x00000738       0x20 ./Generated_Code/PWM1.o
 .debug_aranges
                0x00000758       0x40 ./Generated_Code/PwmLdd1.o
 .debug_aranges
                0x00000798       0x40 ./Generated_Code/Q4C1.o
 .debug_aranges
                0x000007d8       0x20 ./Generated_Code/TI1.o
 .debug_aranges
                0x000007f8       0x50 ./Generated_Code/TU1.o
 .debug_aranges
                0x00000848       0x28 ./Generated_Code/TU2.o
 .debug_aranges
                0x00000870       0x28 ./Generated_Code/TimerIntLdd1.o
 .debug_aranges
                0x00000898      0x1c0 ./Generated_Code/UTIL1.o

.debug_ranges   0x00000000      0x8e8
 .debug_ranges  0x00000000       0x30 ./Static_Code/System/CPU_Init.o
 .debug_ranges  0x00000030      0x330 ./Static_Code/System/Vectors.o
 .debug_ranges  0x00000360       0x30 ./Sources/Events.o
 .debug_ranges  0x00000390       0xa8 ./Sources/Utilities.o
 .debug_ranges  0x00000438       0x10 ./Sources/main.o
 .debug_ranges  0x00000448       0x50 ./Project_Settings/Startup_Code/startup.o
 .debug_ranges  0x00000498       0x88 ./Generated_Code/AS1.o
 .debug_ranges  0x00000520       0x40 ./Generated_Code/ASerialLdd1.o
 .debug_ranges  0x00000560       0x30 ./Generated_Code/BitIoLdd1.o
 .debug_ranges  0x00000590       0x18 ./Generated_Code/BitIoLdd2.o
 .debug_ranges  0x000005a8       0x18 ./Generated_Code/BitIoLdd3.o
 .debug_ranges  0x000005c0       0x18 ./Generated_Code/Cpu.o
 .debug_ranges  0x000005d8       0x20 ./Generated_Code/MAX1.o
 .debug_ranges  0x000005f8       0x20 ./Generated_Code/PE_LDD.o
 .debug_ranges  0x00000618       0x30 ./Generated_Code/PIDI1.o
 .debug_ranges  0x00000648       0x10 ./Generated_Code/PWM1.o
 .debug_ranges  0x00000658       0x30 ./Generated_Code/PwmLdd1.o
 .debug_ranges  0x00000688       0x30 ./Generated_Code/Q4C1.o
 .debug_ranges  0x000006b8       0x10 ./Generated_Code/TI1.o
 .debug_ranges  0x000006c8       0x40 ./Generated_Code/TU1.o
 .debug_ranges  0x00000708       0x18 ./Generated_Code/TU2.o
 .debug_ranges  0x00000720       0x18 ./Generated_Code/TimerIntLdd1.o
 .debug_ranges  0x00000738      0x1b0 ./Generated_Code/UTIL1.o

.debug_macro    0x00000000    0x31409
 .debug_macro   0x00000000      0x2ff ./Static_Code/System/CPU_Init.o
 .debug_macro   0x000002ff      0x856 ./Static_Code/System/CPU_Init.o
 .debug_macro   0x00000b55      0x214 ./Static_Code/System/CPU_Init.o
 .debug_macro   0x00000d69     0x17a6 ./Static_Code/System/CPU_Init.o
 .debug_macro   0x0000250f    0x10f7a ./Static_Code/System/CPU_Init.o
 .debug_macro   0x00013489      0x478 ./Static_Code/System/CPU_Init.o
 .debug_macro   0x00013901      0x14e ./Static_Code/System/CPU_Init.o
 .debug_macro   0x00013a4f       0x6a ./Static_Code/System/CPU_Init.o
 .debug_macro   0x00013ab9       0x2e ./Static_Code/System/CPU_Init.o
 .debug_macro   0x00013ae7       0x2e ./Static_Code/System/CPU_Init.o
 .debug_macro   0x00013b15       0x95 ./Static_Code/System/CPU_Init.o
 .debug_macro   0x00013baa       0x16 ./Static_Code/System/CPU_Init.o
 .debug_macro   0x00013bc0       0x2e ./Static_Code/System/CPU_Init.o
 .debug_macro   0x00013bee       0x94 ./Static_Code/System/CPU_Init.o
 .debug_macro   0x00013c82      0x12b ./Static_Code/System/CPU_Init.o
 .debug_macro   0x00013dad       0x2e ./Static_Code/System/CPU_Init.o
 .debug_macro   0x00013ddb       0x34 ./Static_Code/System/CPU_Init.o
 .debug_macro   0x00013e0f       0x29 ./Static_Code/System/CPU_Init.o
 .debug_macro   0x00013e38      0x6a6 ./Static_Code/System/CPU_Init.o
 .debug_macro   0x000144de       0x7b ./Static_Code/System/CPU_Init.o
 .debug_macro   0x00014559       0x38 ./Static_Code/System/CPU_Init.o
 .debug_macro   0x00014591       0x1e ./Static_Code/System/CPU_Init.o
 .debug_macro   0x000145af       0x46 ./Static_Code/System/CPU_Init.o
 .debug_macro   0x000145f5       0x20 ./Static_Code/System/CPU_Init.o
 .debug_macro   0x00014615       0x3d ./Static_Code/System/CPU_Init.o
 .debug_macro   0x00014652       0x65 ./Static_Code/System/CPU_Init.o
 .debug_macro   0x000146b7       0x1f ./Static_Code/System/CPU_Init.o
 .debug_macro   0x000146d6       0x3a ./Static_Code/System/CPU_Init.o
 .debug_macro   0x00014710       0x52 ./Static_Code/System/CPU_Init.o
 .debug_macro   0x00014762       0x19 ./Static_Code/System/CPU_Init.o
 .debug_macro   0x0001477b      0x16d ./Static_Code/System/CPU_Init.o
 .debug_macro   0x000148e8       0x89 ./Static_Code/System/CPU_Init.o
 .debug_macro   0x00014971       0x1c ./Static_Code/System/CPU_Init.o
 .debug_macro   0x0001498d       0xef ./Static_Code/System/CPU_Init.o
 .debug_macro   0x00014a7c       0x19 ./Static_Code/System/CPU_Init.o
 .debug_macro   0x00014a95       0x4f ./Static_Code/System/CPU_Init.o
 .debug_macro   0x00014ae4       0x1c ./Static_Code/System/CPU_Init.o
 .debug_macro   0x00014b00      0x2a6 ./Static_Code/System/CPU_Init.o
 .debug_macro   0x00014da6      0x2ed ./Static_Code/System/Vectors.o
 .debug_macro   0x00015093      0x464 ./Sources/Events.o
 .debug_macro   0x000154f7       0x28 ./Sources/Events.o
 .debug_macro   0x0001551f      0x61c ./Sources/Events.o
 .debug_macro   0x00015b3b      0x626 ./Sources/Events.o
 .debug_macro   0x00016161      0x327 ./Sources/Events.o
 .debug_macro   0x00016488      0x1e8 ./Sources/Events.o
 .debug_macro   0x00016670      0x109 ./Sources/Events.o
 .debug_macro   0x00016779      0x17e ./Sources/Events.o
 .debug_macro   0x000168f7      0x200 ./Sources/Events.o
 .debug_macro   0x00016af7      0x91e ./Sources/Events.o
 .debug_macro   0x00017415      0x588 ./Sources/Events.o
 .debug_macro   0x0001799d       0x9e ./Sources/Events.o
 .debug_macro   0x00017a3b      0x1f7 ./Sources/Events.o
 .debug_macro   0x00017c32      0x50f ./Sources/Events.o
 .debug_macro   0x00018141      0x297 ./Sources/Events.o
 .debug_macro   0x000183d8      0x318 ./Sources/Events.o
 .debug_macro   0x000186f0      0x25a ./Sources/Events.o
 .debug_macro   0x0001894a      0x13d ./Sources/Events.o
 .debug_macro   0x00018a87      0x30b ./Sources/Events.o
 .debug_macro   0x00018d92       0xba ./Sources/Events.o
 .debug_macro   0x00018e4c       0xe9 ./Sources/Events.o
 .debug_macro   0x00018f35      0x4e9 ./Sources/Events.o
 .debug_macro   0x0001941e      0x191 ./Sources/Events.o
 .debug_macro   0x000195af       0xea ./Sources/Events.o
 .debug_macro   0x00019699      0x348 ./Sources/Events.o
 .debug_macro   0x000199e1      0x7d6 ./Sources/Events.o
 .debug_macro   0x0001a1b7      0x179 ./Sources/Events.o
 .debug_macro   0x0001a330      0x645 ./Sources/Events.o
 .debug_macro   0x0001a975      0x8d8 ./Sources/Events.o
 .debug_macro   0x0001b24d      0x11c ./Sources/Events.o
 .debug_macro   0x0001b369      0x648 ./Sources/Events.o
 .debug_macro   0x0001b9b1       0x81 ./Sources/Events.o
 .debug_macro   0x0001ba32      0x7bf ./Sources/Events.o
 .debug_macro   0x0001c1f1      0x10f ./Sources/Events.o
 .debug_macro   0x0001c300      0x614 ./Sources/Events.o
 .debug_macro   0x0001c914      0x181 ./Sources/Events.o
 .debug_macro   0x0001ca95       0x16 ./Sources/Events.o
 .debug_macro   0x0001caab       0x35 ./Sources/Events.o
 .debug_macro   0x0001cae0       0x10 ./Sources/Events.o
 .debug_macro   0x0001caf0       0x10 ./Sources/Events.o
 .debug_macro   0x0001cb00       0x22 ./Sources/Events.o
 .debug_macro   0x0001cb22       0x91 ./Sources/Events.o
 .debug_macro   0x0001cbb3       0x16 ./Sources/Events.o
 .debug_macro   0x0001cbc9      0x16d ./Sources/Events.o
 .debug_macro   0x0001cd36      0x31a ./Sources/Utilities.o
 .debug_macro   0x0001d050      0x464 ./Sources/main.o
 .debug_macro   0x0001d4b4      0x121 ./Project_Settings/Startup_Code/startup.o
 .debug_macro   0x0001d5d5       0x22 ./Project_Settings/Startup_Code/startup.o
 .debug_macro   0x0001d5f7       0x10 ./Project_Settings/Startup_Code/startup.o
 .debug_macro   0x0001d607       0x89 ./Project_Settings/Startup_Code/startup.o
 .debug_macro   0x0001d690       0x16 ./Project_Settings/Startup_Code/startup.o
 .debug_macro   0x0001d6a6       0x23 ./Project_Settings/Startup_Code/startup.o
 .debug_macro   0x0001d6c9       0x10 ./Project_Settings/Startup_Code/startup.o
 .debug_macro   0x0001d6d9    0x10f6e ./Project_Settings/Startup_Code/startup.o
 .debug_macro   0x0002e647      0x348 ./Generated_Code/AS1.o
 .debug_macro   0x0002e98f       0x5f ./Generated_Code/AS1.o
 .debug_macro   0x0002e9ee       0xff ./Generated_Code/ASerialLdd1.o
 .debug_macro   0x0002eaed       0x25 ./Generated_Code/ASerialLdd1.o
 .debug_macro   0x0002eb12      0x7b9 ./Generated_Code/ASerialLdd1.o
 .debug_macro   0x0002f2cb       0xe6 ./Generated_Code/BitIoLdd1.o
 .debug_macro   0x0002f3b1       0x40 ./Generated_Code/BitIoLdd1.o
 .debug_macro   0x0002f3f1       0xe6 ./Generated_Code/BitIoLdd2.o
 .debug_macro   0x0002f4d7       0xe6 ./Generated_Code/BitIoLdd3.o
 .debug_macro   0x0002f5bd       0x2e ./Generated_Code/BitIoLdd3.o
 .debug_macro   0x0002f5eb      0x2e4 ./Generated_Code/Cpu.o
 .debug_macro   0x0002f8cf      0x135 ./Generated_Code/MAX1.o
 .debug_macro   0x0002fa04      0x6a0 ./Generated_Code/MAX1.o
 .debug_macro   0x000300a4      0x131 ./Generated_Code/MAX1.o
 .debug_macro   0x000301d5      0x272 ./Generated_Code/PE_LDD.o
 .debug_macro   0x00030447      0x19f ./Generated_Code/PIDI1.o
 .debug_macro   0x000305e6      0x2c6 ./Generated_Code/PWM1.o
 .debug_macro   0x000308ac      0x110 ./Generated_Code/PwmLdd1.o
 .debug_macro   0x000309bc      0x2cc ./Generated_Code/Q4C1.o
 .debug_macro   0x00030c88      0x2c6 ./Generated_Code/TI1.o
 .debug_macro   0x00030f4e      0x10a ./Generated_Code/TU1.o
 .debug_macro   0x00031058       0xfb ./Generated_Code/TU2.o
 .debug_macro   0x00031153       0x49 ./Generated_Code/TU2.o
 .debug_macro   0x0003119c      0x105 ./Generated_Code/TimerIntLdd1.o
 .debug_macro   0x000312a1      0x168 ./Generated_Code/UTIL1.o

.debug_line     0x00000000     0x7fec
 .debug_line    0x00000000      0x672 ./Static_Code/System/CPU_Init.o
 .debug_line    0x00000672      0xc18 ./Static_Code/System/Vectors.o
 .debug_line    0x0000128a      0x740 ./Sources/Events.o
 .debug_line    0x000019ca      0x73c ./Sources/Utilities.o
 .debug_line    0x00002106      0x6f8 ./Sources/main.o
 .debug_line    0x000027fe      0x3eb ./Project_Settings/Startup_Code/startup.o
 .debug_line    0x00002be9      0x78d ./Generated_Code/AS1.o
 .debug_line    0x00003376      0x488 ./Generated_Code/ASerialLdd1.o
 .debug_line    0x000037fe      0x3b2 ./Generated_Code/BitIoLdd1.o
 .debug_line    0x00003bb0      0x379 ./Generated_Code/BitIoLdd2.o
 .debug_line    0x00003f29      0x379 ./Generated_Code/BitIoLdd3.o
 .debug_line    0x000042a2      0x571 ./Generated_Code/Cpu.o
 .debug_line    0x00004813      0x3c1 ./Generated_Code/MAX1.o
 .debug_line    0x00004bd4      0x4f5 ./Generated_Code/PE_LDD.o
 .debug_line    0x000050c9      0x45b ./Generated_Code/PIDI1.o
 .debug_line    0x00005524      0x504 ./Generated_Code/PWM1.o
 .debug_line    0x00005a28      0x3cf ./Generated_Code/PwmLdd1.o
 .debug_line    0x00005df7      0x586 ./Generated_Code/Q4C1.o
 .debug_line    0x0000637d      0x502 ./Generated_Code/TI1.o
 .debug_line    0x0000687f      0x42b ./Generated_Code/TU1.o
 .debug_line    0x00006caa      0x39a ./Generated_Code/TU2.o
 .debug_line    0x00007044      0x391 ./Generated_Code/TimerIntLdd1.o
 .debug_line    0x000073d5      0xc17 ./Generated_Code/UTIL1.o

.debug_str      0x00000000    0xe4e7f
 .debug_str     0x00000000    0x76dd6 ./Static_Code/System/CPU_Init.o
                              0x76fb5 (size before relaxing)
 .debug_str     0x00076dd6      0x9c9 ./Static_Code/System/Vectors.o
                              0x7740f (size before relaxing)
 .debug_str     0x0007779f    0x6bbe3 ./Sources/Events.o
                              0xe15d3 (size before relaxing)
 .debug_str     0x000e3382       0xf7 ./Sources/Utilities.o
                              0x7660c (size before relaxing)
 .debug_str     0x000e3479       0x17 ./Sources/main.o
                              0xe1573 (size before relaxing)
 .debug_str     0x000e3490      0x229 ./Project_Settings/Startup_Code/startup.o
                              0x623d1 (size before relaxing)
 .debug_str     0x000e36b9      0x339 ./Generated_Code/AS1.o
                              0x75d9a (size before relaxing)
 .debug_str     0x000e39f2      0x34b ./Generated_Code/ASerialLdd1.o
                              0x77911 (size before relaxing)
 .debug_str     0x000e3d3d       0xe2 ./Generated_Code/BitIoLdd1.o
                              0x6a2d4 (size before relaxing)
 .debug_str     0x000e3e1f       0x6d ./Generated_Code/BitIoLdd2.o
                              0x6a242 (size before relaxing)
 .debug_str     0x000e3e8c       0x6d ./Generated_Code/BitIoLdd3.o
                              0x6a242 (size before relaxing)
 .debug_str     0x000e3ef9       0x28 ./Generated_Code/Cpu.o
                              0x75a6b (size before relaxing)
 .debug_str     0x000e3f21       0x56 ./Generated_Code/MAX1.o
                              0x732cf (size before relaxing)
 .debug_str     0x000e3f77      0x15f ./Generated_Code/PE_LDD.o
                              0x75bde (size before relaxing)
 .debug_str     0x000e40d6      0x109 ./Generated_Code/PIDI1.o
                              0x739aa (size before relaxing)
 .debug_str     0x000e41df       0x27 ./Generated_Code/PWM1.o
                              0x75a5e (size before relaxing)
 .debug_str     0x000e4206      0x104 ./Generated_Code/PwmLdd1.o
                              0x72962 (size before relaxing)
 .debug_str     0x000e430a       0xb3 ./Generated_Code/Q4C1.o
                              0x75b07 (size before relaxing)
 .debug_str     0x000e43bd       0x31 ./Generated_Code/TI1.o
                              0x75a68 (size before relaxing)
 .debug_str     0x000e43ee      0x2c8 ./Generated_Code/TU1.o
                              0x72b97 (size before relaxing)
 .debug_str     0x000e46b6       0x64 ./Generated_Code/TU2.o
                              0x728b7 (size before relaxing)
 .debug_str     0x000e471a       0xa3 ./Generated_Code/TimerIntLdd1.o
                              0x726cb (size before relaxing)
 .debug_str     0x000e47bd      0x6c2 ./Generated_Code/UTIL1.o
                              0x6b21c (size before relaxing)

.debug_frame    0x00000000     0x20b8
 .debug_frame   0x00000000       0x9c ./Static_Code/System/CPU_Init.o
 .debug_frame   0x0000009c      0xcb0 ./Static_Code/System/Vectors.o
 .debug_frame   0x00000d4c       0x90 ./Sources/Events.o
 .debug_frame   0x00000ddc      0x264 ./Sources/Utilities.o
 .debug_frame   0x00001040       0x2c ./Sources/main.o
 .debug_frame   0x0000106c      0x108 ./Project_Settings/Startup_Code/startup.o
 .debug_frame   0x00001174      0x1dc ./Generated_Code/AS1.o
 .debug_frame   0x00001350       0xec ./Generated_Code/ASerialLdd1.o
 .debug_frame   0x0000143c       0x9c ./Generated_Code/BitIoLdd1.o
 .debug_frame   0x000014d8       0x48 ./Generated_Code/BitIoLdd2.o
 .debug_frame   0x00001520       0x48 ./Generated_Code/BitIoLdd3.o
 .debug_frame   0x00001568       0x50 ./Generated_Code/Cpu.o
 .debug_frame   0x000015b8       0x68 ./Generated_Code/MAX1.o
 .debug_frame   0x00001620       0x64 ./Generated_Code/PE_LDD.o
 .debug_frame   0x00001684       0x94 ./Generated_Code/PIDI1.o
 .debug_frame   0x00001718       0x30 ./Generated_Code/PWM1.o
 .debug_frame   0x00001748       0xb0 ./Generated_Code/PwmLdd1.o
 .debug_frame   0x000017f8       0x9c ./Generated_Code/Q4C1.o
 .debug_frame   0x00001894       0x30 ./Generated_Code/TI1.o
 .debug_frame   0x000018c4       0xdc ./Generated_Code/TU1.o
 .debug_frame   0x000019a0       0x50 ./Generated_Code/TU2.o
 .debug_frame   0x000019f0       0x50 ./Generated_Code/TimerIntLdd1.o
 .debug_frame   0x00001a40      0x678 ./Generated_Code/UTIL1.o
